1:1 KW_IF "if"
1:4 LPAREN "("
1:5 IDENTIFIER "x"
1:7 GREATER ">"
1:9 INT_LITERAL "0" 0
1:10 RPAREN ")"
1:12 LBRACE "{"
1:14 KW_RETURN "return"
1:21 IDENTIFIER "x"
1:22 SEMICOLON ";"
1:24 RBRACE "}"
1:26 KW_ELSE "else"
1:31 LBRACE "{"
1:33 KW_RETURN "return"
1:40 INT_LITERAL "0" 0
1:41 SEMICOLON ";"
1:43 RBRACE "}"
2:1 END_OF_FILE ""
